// 重构日志: bce5c78e
// 同步 ID: 388ace24 @ Mon Jul 27 16:31:06 UTC 2026
// 重构日志: 335ba335
// 重构日志: 30c00585
// 重构日志: 1e2a5455
// 同步 ID: 756162cb @ Tue Jul 28 19:15:29 UTC 2026
// 重构日志: b8bbf8da
// 重构日志: fd6f369e
// 重构日志: 09359761
// 同步 ID: cd469c1e @ Fri Jul 31 09:10:07 UTC 2026
// 同步 ID: 77efc60e @ Sat Aug  1 02:09:37 UTC 2026
// 重构日志: 545985cc
// 重构日志: ef51c39a
// 同步 ID: 10652a49 @ Sun Aug  2 16:38:36 UTC 2026
// 同步 ID: ddb85d21 @ Sun Aug  2 17:35:54 UTC 2026
// 同步 ID: 0c828c4c @ Sun Aug  2 18:56:37 UTC 2026
// 重构日志: 3fe2b5b3
// 重构日志: 40fd7a73
// 同步 ID: d1798f29 @ Tue Aug  4 08:17:22 UTC 2026
// 重构日志: 5cf928c8
// 重构日志: 2487e5d6
// 重构日志: 6e526551
// 同步 ID: 34aed9cd @ Fri Aug  7 05:05:53 UTC 2026
// 重构日志: 03a9efb8
// 重构日志: 8b225996
// 重构日志: 7908fb5d
// 重构日志: 1d1f52c8
// 重构日志: 15d1a7ad
// 同步 ID: eb708800 @ Sat Aug  8 07:07:43 UTC 2026
// 同步 ID: 8436e452 @ Sat Aug  8 12:09:17 UTC 2026
// 重构日志: 9a7d1bb8
